2024-03-01T16:55:02+05:30 dsmx01 opendkim[3840330]: DF4DB18024B3: message has signatures from leegality.com, amazonses.com
2024-03-01T16:55:02+05:30 dsmx01 opendkim[3840330]: DF4DB18024B3: DKIM verification successful
2024-03-01T16:55:02+05:30 dsmx01 opendkim[3840330]: DF4DB18024B3: s=5zfruynntjz2ki4a6se3zilijuvet5k5 d=leegality.com a=rsa-sha256 SSL
2024-03-01T16:55:02+05:30 dsmx01 postfix/smtps/smtpd[958774]: disconnect from unknown[122.176.72.241] ehlo=1 auth=1 mail=1 rcpt=3 data=1 commands=7
2024-03-01T16:55:02+05:30 dsmx01 postfix/smtpd[1037913]: 775CB18028E1: client=unknown[106.51.122.122]
2024-03-01T16:55:02+05:30 dsmx01 postfix/qmgr[796039]: DF4DB18024B3: from=<0109018df9c2876d-cee5a842-bdd9-4924-aa9e-f8a07d486f7f-000000@email.leegality.com>, size=9735, nrcpt=2 (queue active)
2024-03-01T16:55:02+05:30 dsmx01 postfix/cleanup[1022094]: 775CB18028E1: warning: header Subject: Transaction Receipt from unknown[106.51.122.122]; from=<noreply@bmrcl.in> to=<kishordeepum@gmail.com> proto=ESMTP helo=<mail.bmrc.co.in>
2024-03-01T16:55:02+05:30 dsmx01 postfix/cleanup[1022094]: 775CB18028E1: message-id=<>
2024-03-01T16:55:02+05:30 dsmx01 opendkim[3840330]: 775CB18028E1: [106.51.122.122] [106.51.122.122] not internal
2024-03-01T16:55:02+05:30 dsmx01 opendkim[3840330]: 775CB18028E1: not authenticated
2024-03-01T16:55:02+05:30 dsmx01 opendkim[3840330]: 775CB18028E1: no signature data
2024-03-01T16:55:02+05:30 dsmx01 postfix/smtpd[1037913]: disconnect from unknown[106.51.122.122] ehlo=2 starttls=1 mail=1 rcpt=1 data=1 quit=1 commands=7
2024-03-01T16:55:02+05:30 dsmx01 postfix/qmgr[796039]: 775CB18028E1: from=<noreply@bmrcl.in>, size=4601, nrcpt=1 (queue active)
2024-03-01T16:55:02+05:30 dsmx01 opendkim[3840330]: DF4DB18024B3: out9.antispamcloud.com [199.115.117.7] not internal
2024-03-01T16:55:02+05:30 dsmx01 opendkim[3840330]: DF4DB18024B3: not authenticated
2024-03-01T16:55:02+05:30 dsmx01 opendkim[3840330]: DF4DB18024B3: message has signatures from leegality.com, amazonses.com
2024-03-01T16:55:02+05:30 dsmx01 opendkim[3840330]: DF4DB18024B3: DKIM verification successful
2024-03-01T16:55:02+05:30 dsmx01 opendkim[3840330]: DF4DB18024B3: s=5zfruynntjz2ki4a6se3zilijuvet5k5 d=leegality.com a=rsa-sha256 SSL
2024-03-01T16:55:02+05:30 dsmx01 postfix/smtps/smtpd[958774]: disconnect from unknown[122.176.72.241] ehlo=1 auth=1 mail=1 rcpt=3 data=1 commands=7
2024-03-01T16:55:02+05:30 dsmx01 postfix/smtpd[1037913]: 775CB18028E1: client=unknown[106.51.122.122]
2024-03-01T16:55:02+05:30 dsmx01 postfix/qmgr[796039]: DF4DB18024B3: from=<0109018df9c2876d-cee5a842-bdd9-4924-aa9e-f8a07d486f7f-000000@email.leegality.com>, size=9735, nrcpt=2 (queue active)
2024-03-01T16:55:02+05:30 dsmx01 postfix/cleanup[1022094]: 775CB18028E1: warning: header Subject: Transaction Receipt from unknown[106.51.122.122]; from=<noreply@bmrcl.in> to=<kishordeepum@gmail.com> proto=ESMTP helo=<mail.bmrc.co.in>
2024-03-01T16:55:02+05:30 dsmx01 postfix/cleanup[1022094]: 775CB18028E1: message-id=<>
2024-03-01T16:55:02+05:30 dsmx01 opendkim[3840330]: 775CB18028E1: [106.51.122.122] [106.51.122.122] not internal
2024-03-01T16:55:02+05:30 dsmx01 opendkim[3840330]: 775CB18028E1: not authenticated
2024-03-01T16:55:02+05:30 dsmx01 opendkim[3840330]: 775CB18028E1: no signature data
2024-03-01T16:55:02+05:30 dsmx01 postfix/smtpd[1037913]: disconnect from unknown[106.51.122.122] ehlo=2 starttls=1 mail=1 rcpt=1 data=1 quit=1 commands=7
2024-03-01T16:55:02+05:30 dsmx01 postfix/qmgr[796039]: 775CB18028E1: from=<noreply@bmrcl.in>, size=4601, nrcpt=1 (queue active)
2024-03-01T16:55:02+05:30 dsmx01 postfix/smtpd[1038552]: disconnect from out9.antispamcloud.com[199.115.117.7] ehlo=2 starttls=1 mail=1 rcpt=1 bdat=2 quit=1 commands=8
2024-03-01T16:55:02+05:30 dsmx01 postfix/pipe[1015749]: DF4DB18024B3: to=<hrd@prayasfinance.com>, relay=dovecot, delay=1.1, delays=0.69/0/0/0.38, dsn=2.0.0, status=sent (delivered via dovecot service)
2024-03-01T16:55:02+05:30 dsmx01 postfix/smtpd[1038552]: disconnect from out9.antispamcloud.com[199.115.117.7] ehlo=2 starttls=1 mail=1 rcpt=1 bdat=2 quit=1 commands=8
2024-03-01T16:55:02+05:30 dsmx01 postfix/pipe[1015749]: DF4DB18024B3: to=<hrd@prayasfinance.com>, relay=dovecot, delay=1.1, delays=0.69/0/0/0.38, dsn=2.0.0, status=sent (delivered via dovecot service)
2024-03-01T16:55:03+05:30 dsmx01 postfix/submission/smtpd[1041622 warning: database /etc/postfix/vmail_ssl.map.db is older than source file /etc/postfix/vmail_ssl.map
2024-03-01T16:55:03+05:30 dsmx01 postfix/submission/smtpd[1041622 warning: database /etc/postfix/vmail_ssl.map.db is older than source file /etc/postfix/vmail_ssl.map
2024-03-01T16:55:03+05:30 dsmx01 postfix/pipe[1016473]: DF4DB18024B3: to=<mailarchive+hrd+prayasfinance.com@prayasfinance.com>, relay=dovecot, delay=1.5, delays=0.69/0/0/0.77, dsn=2.0.0, status=sent (delivered via dovecot service)
2024-03-01T16:55:03+05:30 dsmx01 postfix/qmgr[796039]: DF4DB18024B3: removed
2024-03-01T16:55:03+05:30 dsmx01 postfix/pipe[1016473]: DF4DB18024B3: to=<mailarchive+hrd+prayasfinance.com@prayasfinance.com>, relay=dovecot, delay=1.5, delays=0.69/0/0/0.77, dsn=2.0.0, status=sent (delivered via dovecot service)
2024-03-01T16:55:03+05:30 dsmx01 postfix/smtpd[1037894]: connect from out8.antispamcloud.com[46.165.223.16]